ENV_VAR is defined as some value.
MYDEF is defined as 42.
