Some text before the first conditional error.
Some text after the first #if.
