This test tests the evaluation of include guards.

module2 requires module1
module1
module2 requires module3
module3 requires module1
module3
module2
