ABC is not defined.
DEF is not defined. Setting a default value.
DEF is now defined as 1337.
