Some text before the error occurs.
More text after the warning.
