Test if nested #ifs are evaluated correctly

true,
true,true

Y
YX
YZ
