This file contains definitions to be expanded.

foo
EPERM
