Some text before the first conditional warning.
Some text after the first #if.
More text after the last warning.
